app/(protected)/profile/SecurityActions.tsx(226,9): error TS2322: Type 'unknown' is not assignable to type 'ReactNode'.
app/(protected)/profile/SecurityActions.tsx(230,25): error TS2339: Property 'ready' does not exist on type '{}'.
app/(protected)/profile/SecurityActions.tsx(234,65): error TS2339: Property 'ready' does not exist on type '{}'.
app/(protected)/profile/SecurityActions.tsx(236,93): error TS2339: Property 'ready' does not exist on type '{}'.
app/(protected)/profile/SecurityActions.tsx(237,30): error TS2339: Property 'ready' does not exist on type '{}'.
app/(protected)/profile/SecurityActions.tsx(240,30): error TS2339: Property 'ready' does not exist on type '{}'.
app/(protected)/profile/SecurityActions.tsx(424,17): error TS2322: Type 'unknown' is not assignable to type 'ReactNode'.
app/(protected)/profile/SecurityActions.tsx(424,184): error TS2339: Property 'status' does not exist on type '{}'.
app/(protected)/profile/SecurityActions.tsx(424,277): error TS2339: Property 'status' does not exist on type '{}'.
app/(protected)/profile/SecurityActions.tsx(424,424): error TS2339: Property 'message' does not exist on type '{}'.
app/admin/support/page.tsx(76,13): error TS18004: No value exists in scope for the shorthand property 'userRole'. Either declare one or provide an initializer.
app/admin/support/page.tsx(156,45): error TS2322: Type '{ sender: string; text: any; timestamp: any; }[]' is not assignable to type '{ sender: "user" | "admin"; text: string; timestamp: string; }[]'.
  Type '{ sender: string; text: any; timestamp: any; }' is not assignable to type '{ sender: "user" | "admin"; text: string; timestamp: string; }'.
    Types of property 'sender' are incompatible.
      Type 'string' is not assignable to type '"user" | "admin"'.
components/admin/AdminRevenueChart.tsx(40,13): error TS2322: Type '(value: number) => [string, string]' is not assignable to type 'Formatter<ValueType, NameType> & ((value: ValueType, name: NameType, item: TooltipPayloadEntry, index: number, payload: TooltipPayload) => ReactNode | [...])'.
  Type '(value: number) => [string, string]' is not assignable to type 'Formatter<ValueType, NameType>'.
    Types of parameters 'value' and 'value' are incompatible.
      Type 'ValueType | undefined' is not assignable to type 'number'.
        Type 'undefined' is not assignable to type 'number'.
lib/prisma.ts(13,19): error TS2344: Type 'typeof PrismaMariaDb' does not satisfy the constraint '(...args: any) => any'.
  Type 'typeof PrismaMariaDb' provides no match for the signature '(...args: any): any'.
